amaslows@DESKTOP-ANC4K86:~/GITHUB/projectx$ git init
Initialized empty Git repository in /home/amaslows/GITHUB/projectx/.git/
amaslows@DESKTOP-ANC4K86:~/GITHUB/projectx$ git add .
amaslows@DESKTOP-ANC4K86:~/GITHUB/projectx$ git commit -m "initialize repo"
*** Please tell me who you are.
Run
  git config --global user.email "you@example.com"
  git config --global user.name "Your Name"
to set your account's default identity.
Omit --global to set the identity only in this repository.
fatal: empty ident name (for <amaslows@DESKTOP-ANC4K86.localdomain>) not allowed
amaslows@DESKTOP-ANC4K86:~/GITHUB/projectx$ git config --global user.email "anthony.maslowski@gmail.com"
amaslows@DESKTOP-ANC4K86:~/GITHUB/projectx$ git config --global user.name "Anthony Maslowski"
amaslows@DESKTOP-ANC4K86:~/GITHUB/projectx$ vi ~/.gitconfig
amaslows@DESKTOP-ANC4K86:~/GITHUB/projectx$ vi ~/.gitconfig
amaslows@DESKTOP-ANC4K86:~/GITHUB/projectx$ ls
ansible
amaslows@DESKTOP-ANC4K86:~/GITHUB/projectx$ vi gitnotes.txt
amaslows@DESKTOP-ANC4K86:~/GITHUB/projectx$ vi gitnotes.txt
amaslows@DESKTOP-ANC4K86:~/GITHUB/projectx$ git commit -m "initialize repo"
[master (root-commit) ce44bd1] initialize repo
 10 files changed, 127 insertions(+)
 create mode 100644 .gitignore
 create mode 100644 ansible/playbooks/ansible.cfg
 create mode 100644 ansible/playbooks/files/nginx.conf
 create mode 100644 ansible/playbooks/files/nginx.crt
 create mode 100644 ansible/playbooks/files/nginx.key
 create mode 100644 ansible/playbooks/hosts
 create mode 100755 ansible/playbooks/login.sh
 create mode 100644 ansible/playbooks/templates/index.html.j2
 create mode 100644 ansible/playbooks/web-notls.yml
 create mode 100644 ansible/test.yml
amaslows@DESKTOP-ANC4K86:~/GITHUB/projectx$ git add .
amaslows@DESKTOP-ANC4K86:~/GITHUB/projectx$ git commit -m "initialize repo2"
[master 239eeda] initialize repo2
 1 file changed, 14 insertions(+)
 create mode 100644 gitnotes.txt
amaslows@DESKTOP-ANC4K86:~/GITHUB/projectx$ git push -u origin master
fatal: 'origin' does not appear to be a git repository
fatal: Could not read from remote repository.
Please make sure you have the correct access rights
and the repository exists.
amaslows@DESKTOP-ANC4K86:~/GITHUB/projectx$ git remote add origin https://github.com/amaslows/github-move.git
amaslows@DESKTOP-ANC4K86:~/GITHUB/projectx$ git push -u origin master
Username for 'https://github.com': amaslows
Password for 'https://amaslows@github.com':
Counting objects: 19, done.
Delta compression using up to 4 threads.
Compressing objects: 100% (18/18), done.
Writing objects: 100% (19/19), 4.63 KiB | 0 bytes/s, done.
Total 19 (delta 1), reused 0 (delta 0)
remote: Resolving deltas: 100% (1/1), done.
To https://github.com/amaslows/github-move.git
 * [new branch]      master -> master
Branch master set up to track remote branch master from origin.
amaslows@DESKTOP-ANC4K86:~/GITHUB/projectx$ git pull origin master
remote: Counting objects: 22, done.
remote: Compressing objects: 100% (20/20), done.
remote: Total 22 (delta 5), reused 0 (delta 0), pack-reused 0
Unpacking objects: 100% (22/22), done.
From https://github.com/amaslows/github-move
 * branch            master     -> FETCH_HEAD
   239eeda..24fdc2e  master     -> origin/master
Updating 239eeda..24fdc2e
Fast-forward
 .github/ISSUE_TEMPLATE/Bug_report.md | 35 +++++++++++++++++++++++++++++++++++
 CODE_OF_CONDUCT.md                   | 46 ++++++++++++++++++++++++++++++++++++++++++++++
 CONTRIBUTING.md                      |  1 +
 LICENSE                              | 21 +++++++++++++++++++++
 PULL_REQUEST_TEMPLATE.md             | 25 +++++++++++++++++++++++++
 README.md                            |  4 ++++
 6 files changed, 132 insertions(+)
 create mode 100644 .github/ISSUE_TEMPLATE/Bug_report.md
 create mode 100644 CODE_OF_CONDUCT.md
 create mode 100644 CONTRIBUTING.md
 create mode 100644 LICENSE
 create mode 100644 PULL_REQUEST_TEMPLATE.md
 create mode 100644 README.md
amaslows@DESKTOP-ANC4K86:~/GITHUB/projectx$ git branch
* master
amaslows@DESKTOP-ANC4K86:~/GITHUB/projectx$ ls
ansible  CODE_OF_CONDUCT.md  CONTRIBUTING.md  gitnotes.txt  LICENSE  PULL_REQUEST_TEMPLATE.md  README.md
amaslows@DESKTOP-ANC4K86:~/GITHUB/projectx$ mkdir docs
amaslows@DESKTOP-ANC4K86:~/GITHUB/projectx$ cd docs
amaslows@DESKTOP-ANC4K86:~/GITHUB/projectx/docs$ vi index.html
amaslows@DESKTOP-ANC4K86:~/GITHUB/projectx/docs$ git checkout -b add-index
M       gitnotes.txt
Switched to a new branch 'add-index'
amaslows@DESKTOP-ANC4K86:~/GITHUB/projectx/docs$ git merge master
Already up-to-date.
amaslows@DESKTOP-ANC4K86:~/GITHUB/projectx/docs$ git add --all
amaslows@DESKTOP-ANC4K86:~/GITHUB/projectx/docs$ git commit -m "add index.html"
[add-index 0862c10] add index.html
 2 files changed, 51 insertions(+)
 create mode 100644 docs/index.html
amaslows@DESKTOP-ANC4K86:~/GITHUB/projectx/docs$ git push -u origin add-index
Username for 'https://github.com': amaslows
Password for 'https://amaslows@github.com':
Counting objects: 5, done.
Delta compression using up to 4 threads.
Compressing objects: 100% (4/4), done.
Writing objects: 100% (5/5), 1.35 KiB | 0 bytes/s, done.
Total 5 (delta 1), reused 0 (delta 0)
remote: Resolving deltas: 100% (1/1), completed with 1 local object.
To https://github.com/amaslows/github-move.git
 * [new branch]      add-index -> add-index
Branch add-index set up to track remote branch add-index from origin.
amaslows@DESKTOP-ANC4K86:~/GITHUB/projectx/docs$ git fetch origin
amaslows@DESKTOP-ANC4K86:~/GITHUB/projectx/docs$ git merge master
Already up-to-date.
amaslows@DESKTOP-ANC4K86:~/GITHUB/projectx/docs$ git checkout master
Switched to branch 'master'
Your branch is up-to-date with 'origin/master'.
amaslows@DESKTOP-ANC4K86:~/GITHUB/projectx/docs$ git merge --no-ff add-index
fatal: Unable to read current working directory: No such file or directory
amaslows@DESKTOP-ANC4K86:~/GITHUB/projectx/docs$ cd ..
amaslows@DESKTOP-ANC4K86:~/GITHUB/projectx$ git merge --no-ff add-index
Merge made by the 'recursive' strategy.
 docs/index.html | 10 ++++++++++
 gitnotes.txt    | 41 +++++++++++++++++++++++++++++++++++++++++
 2 files changed, 51 insertions(+)
 create mode 100644 docs/index.html
amaslows@DESKTOP-ANC4K86:~/GITHUB/projectx$ git config --global core.editor "vim"
